Category: 央视频道, Name: CCTV-1, Total: 18, Valid: 5, Valid Percent: 27.78%, Whitelist: 0, IPv4: 18, IPv6: 0, Min Delay: 219 ms, Max Speed: 13.17 M/s, Avg Speed: 6.47 M/s, Max Resolution: 1920x1080
Category: 央视频道, Name: CCTV-2, Total: 17, Valid: 5, Valid Percent: 29.41%, Whitelist: 0, IPv4: 17, IPv6: 0, Min Delay: 223 ms, Max Speed: 11.92 M/s, Avg Speed: 7.27 M/s, Max Resolution: 1920x1080
Category: 央视频道, Name: CCTV-3, Total: 16, Valid: 4, Valid Percent: 25.00%, Whitelist: 0, IPv4: 16, IPv6: 0, Min Delay: 255 ms, Max Speed: 12.62 M/s, Avg Speed: 5.72 M/s, Max Resolution: 1920x1080
Category: 央视频道, Name: CCTV-4, Total: 26, Valid: 7, Valid Percent: 26.92%, Whitelist: 0, IPv4: 26, IPv6: 0, Min Delay: 219 ms, Max Speed: 4.05 M/s, Avg Speed: 1.87 M/s, Max Resolution: 1920x1080
Category: 央视频道, Name: CCTV-5, Total: 21, Valid: 5, Valid Percent: 23.81%, Whitelist: 0, IPv4: 21, IPv6: 0, Min Delay: 224 ms, Max Speed: 8.59 M/s, Avg Speed: 2.85 M/s, Max Resolution: 1920x1080
Category: 央视频道, Name: CCTV-5+, Total: 12, Valid: 2, Valid Percent: 16.67%, Whitelist: 0, IPv4: 12, IPv6: 0, Min Delay: 2976 ms, Max Speed: 1.68 M/s, Avg Speed: 1.02 M/s, Max Resolution: 1920x1080
Category: 央视频道, Name: CCTV-6, Total: 18, Valid: 6, Valid Percent: 33.33%, Whitelist: 0, IPv4: 18, IPv6: 0, Min Delay: 213 ms, Max Speed: 11.77 M/s, Avg Speed: 4.43 M/s, Max Resolution: 1920x1080
Category: 央视频道, Name: CCTV-7, Total: 17, Valid: 5, Valid Percent: 29.41%, Whitelist: 0, IPv4: 17, IPv6: 0, Min Delay: 209 ms, Max Speed: 12.59 M/s, Avg Speed: 7.24 M/s, Max Resolution: 1920x1080
Category: 央视频道, Name: CCTV-8, Total: 22, Valid: 7, Valid Percent: 31.82%, Whitelist: 0, IPv4: 22, IPv6: 0, Min Delay: 210 ms, Max Speed: 11.52 M/s, Avg Speed: 3.65 M/s, Max Resolution: 1920x1080
Category: 央视频道, Name: CCTV-9, Total: 19, Valid: 6, Valid Percent: 31.58%, Whitelist: 0, IPv4: 19, IPv6: 0, Min Delay: 327 ms, Max Speed: 12.92 M/s, Avg Speed: 6.63 M/s, Max Resolution: 1920x1080
Category: 央视频道, Name: CCTV-10, Total: 18, Valid: 5, Valid Percent: 27.78%, Whitelist: 0, IPv4: 18, IPv6: 0, Min Delay: 322 ms, Max Speed: 8.50 M/s, Avg Speed: 6.40 M/s, Max Resolution: 1920x1080
Category: 央视频道, Name: CCTV-11, Total: 18, Valid: 5, Valid Percent: 27.78%, Whitelist: 0, IPv4: 18, IPv6: 0, Min Delay: 284 ms, Max Speed: 8.30 M/s, Avg Speed: 5.08 M/s, Max Resolution: 1920x1080
Category: 央视频道, Name: CCTV-12, Total: 17, Valid: 6, Valid Percent: 35.29%, Whitelist: 0, IPv4: 17, IPv6: 0, Min Delay: 224 ms, Max Speed: 11.44 M/s, Avg Speed: 4.43 M/s, Max Resolution: 1920x1080
Category: 央视频道, Name: CCTV-13, Total: 19, Valid: 6, Valid Percent: 31.58%, Whitelist: 0, IPv4: 19, IPv6: 0, Min Delay: 300 ms, Max Speed: 12.15 M/s, Avg Speed: 5.60 M/s, Max Resolution: 1920x1080
Category: 央视频道, Name: CCTV-14, Total: 17, Valid: 5, Valid Percent: 29.41%, Whitelist: 0, IPv4: 17, IPv6: 0, Min Delay: 235 ms, Max Speed: 10.15 M/s, Avg Speed: 6.29 M/s, Max Resolution: 1920x1080
Category: 央视频道, Name: CCTV-15, Total: 18, Valid: 6, Valid Percent: 33.33%, Whitelist: 0, IPv4: 18, IPv6: 0, Min Delay: 281 ms, Max Speed: 11.77 M/s, Avg Speed: 7.99 M/s, Max Resolution: 1920x1080
Category: 央视频道, Name: CCTV-16, Total: 17, Valid: 4, Valid Percent: 23.53%, Whitelist: 0, IPv4: 17, IPv6: 0, Min Delay: 185 ms, Max Speed: 9.48 M/s, Avg Speed: 4.14 M/s, Max Resolution: 1920x1080
Category: 央视频道, Name: CETV-2, Total: 1, Valid: 0, Valid Percent: 0.00%, Whitelist: 0, IPv4: 1, IPv6: 0, Min Delay: -1 ms, Max Speed: 0.00 M/s, Avg Speed: 0.00 M/s, Max Resolution: None
Category: 央视频道, Name: CETV-3, Total: 3, Valid: 2, Valid Percent: 66.67%, Whitelist: 0, IPv4: 3, IPv6: 0, Min Delay: 281 ms, Max Speed: 9.37 M/s, Avg Speed: 9.36 M/s, Max Resolution: 720x576
Category: 央视频道, Name: CETV-4, Total: 1, Valid: 0, Valid Percent: 0.00%, Whitelist: 0, IPv4: 1, IPv6: 0, Min Delay: -1 ms, Max Speed: 0.00 M/s, Avg Speed: 0.00 M/s, Max Resolution: None
Category: 央视频道, Name: CCTV-17, Total: 16, Valid: 5, Valid Percent: 31.25%, Whitelist: 0, IPv4: 16, IPv6: 0, Min Delay: 63 ms, Max Speed: 76.09 M/s, Avg Speed: 32.74 M/s, Max Resolution: 1920x1080
Category: 央视频道, Name: CETV-1, Total: 9, Valid: 4, Valid Percent: 44.44%, Whitelist: 0, IPv4: 9, IPv6: 0, Min Delay: 173 ms, Max Speed: 13.74 M/s, Avg Speed: 7.58 M/s, Max Resolution: 1920x1080
Category: 卫视频道, Name: 香港卫视, Total: 3, Valid: 1, Valid Percent: 33.33%, Whitelist: 0, IPv4: 3, IPv6: 0, Min Delay: 10654 ms, Max Speed: 0.69 M/s, Avg Speed: 0.69 M/s, Max Resolution: 1280x720
Category: 卫视频道, Name: 广东卫视, Total: 13, Valid: 5, Valid Percent: 38.46%, Whitelist: 0, IPv4: 13, IPv6: 0, Min Delay: 156 ms, Max Speed: 48.63 M/s, Avg Speed: 17.21 M/s, Max Resolution: 1920x1080
Category: 卫视频道, Name: 浙江卫视, Total: 16, Valid: 8, Valid Percent: 50.00%, Whitelist: 0, IPv4: 16, IPv6: 0, Min Delay: 337 ms, Max Speed: 13.69 M/s, Avg Speed: 5.22 M/s, Max Resolution: 1920x1080
Category: 卫视频道, Name: 湖南卫视, Total: 19, Valid: 7, Valid Percent: 36.84%, Whitelist: 0, IPv4: 19, IPv6: 0, Min Delay: 342 ms, Max Speed: 13.01 M/s, Avg Speed: 6.94 M/s, Max Resolution: 3840x2160
Category: 卫视频道, Name: 北京卫视, Total: 18, Valid: 4, Valid Percent: 22.22%, Whitelist: 0, IPv4: 18, IPv6: 0, Min Delay: 310 ms, Max Speed: 11.67 M/s, Avg Speed: 6.09 M/s, Max Resolution: 1920x1080
Category: 卫视频道, Name: 湖北卫视, Total: 11, Valid: 3, Valid Percent: 27.27%, Whitelist: 0, IPv4: 11, IPv6: 0, Min Delay: 348 ms, Max Speed: 12.05 M/s, Avg Speed: 8.51 M/s, Max Resolution: 1920x1080
Category: 卫视频道, Name: 黑龙江卫视, Total: 16, Valid: 6, Valid Percent: 37.50%, Whitelist: 0, IPv4: 16, IPv6: 0, Min Delay: 331 ms, Max Speed: 12.06 M/s, Avg Speed: 6.28 M/s, Max Resolution: 1920x1080
Category: 卫视频道, Name: 安徽卫视, Total: 14, Valid: 5, Valid Percent: 35.71%, Whitelist: 0, IPv4: 14, IPv6: 0, Min Delay: 308 ms, Max Speed: 13.94 M/s, Avg Speed: 6.21 M/s, Max Resolution: 1920x1080
Category: 卫视频道, Name: 重庆卫视, Total: 11, Valid: 2, Valid Percent: 18.18%, Whitelist: 0, IPv4: 11, IPv6: 0, Min Delay: 334 ms, Max Speed: 13.64 M/s, Avg Speed: 12.96 M/s, Max Resolution: 1920x1080
Category: 卫视频道, Name: 东方卫视, Total: 15, Valid: 7, Valid Percent: 46.67%, Whitelist: 0, IPv4: 15, IPv6: 0, Min Delay: 333 ms, Max Speed: 14.82 M/s, Avg Speed: 8.13 M/s, Max Resolution: 1920x1080
Category: 卫视频道, Name: 东南卫视, Total: 13, Valid: 4, Valid Percent: 30.77%, Whitelist: 0, IPv4: 13, IPv6: 0, Min Delay: 433 ms, Max Speed: 11.39 M/s, Avg Speed: 6.31 M/s, Max Resolution: 1920x1080
Category: 卫视频道, Name: 甘肃卫视, Total: 10, Valid: 4, Valid Percent: 40.00%, Whitelist: 0, IPv4: 10, IPv6: 0, Min Delay: 377 ms, Max Speed: 11.69 M/s, Avg Speed: 5.22 M/s, Max Resolution: 1920x1080
Category: 卫视频道, Name: 广西卫视, Total: 10, Valid: 5, Valid Percent: 50.00%, Whitelist: 0, IPv4: 10, IPv6: 0, Min Delay: 314 ms, Max Speed: 12.62 M/s, Avg Speed: 5.57 M/s, Max Resolution: 1920x1080
Category: 卫视频道, Name: 贵州卫视, Total: 13, Valid: 5, Valid Percent: 38.46%, Whitelist: 0, IPv4: 13, IPv6: 0, Min Delay: 86 ms, Max Speed: 62.95 M/s, Avg Speed: 22.18 M/s, Max Resolution: 1920x1080
Category: 卫视频道, Name: 海南卫视, Total: 10, Valid: 2, Valid Percent: 20.00%, Whitelist: 0, IPv4: 10, IPv6: 0, Min Delay: 3246 ms, Max Speed: 1.96 M/s, Avg Speed: 1.40 M/s, Max Resolution: 1920x1080
Category: 卫视频道, Name: 河北卫视, Total: 13, Valid: 4, Valid Percent: 30.77%, Whitelist: 0, IPv4: 13, IPv6: 0, Min Delay: 318 ms, Max Speed: 12.58 M/s, Avg Speed: 4.47 M/s, Max Resolution: 1920x1080
Category: 卫视频道, Name: 河南卫视, Total: 15, Valid: 5, Valid Percent: 33.33%, Whitelist: 0, IPv4: 15, IPv6: 0, Min Delay: 383 ms, Max Speed: 10.84 M/s, Avg Speed: 6.89 M/s, Max Resolution: 1920x1080
Category: 卫视频道, Name: 吉林卫视, Total: 10, Valid: 3, Valid Percent: 30.00%, Whitelist: 0, IPv4: 10, IPv6: 0, Min Delay: 313 ms, Max Speed: 12.51 M/s, Avg Speed: 9.71 M/s, Max Resolution: 1920x1080
Category: 卫视频道, Name: 江苏卫视, Total: 14, Valid: 4, Valid Percent: 28.57%, Whitelist: 0, IPv4: 14, IPv6: 0, Min Delay: 334 ms, Max Speed: 13.83 M/s, Avg Speed: 12.61 M/s, Max Resolution: 1920x1080
Category: 卫视频道, Name: 江西卫视, Total: 14, Valid: 5, Valid Percent: 35.71%, Whitelist: 0, IPv4: 14, IPv6: 0, Min Delay: 108 ms, Max Speed: 53.26 M/s, Avg Speed: 18.83 M/s, Max Resolution: 1920x1080
Category: 卫视频道, Name: 辽宁卫视, Total: 14, Valid: 6, Valid Percent: 42.86%, Whitelist: 0, IPv4: 14, IPv6: 0, Min Delay: 312 ms, Max Speed: 12.99 M/s, Avg Speed: 10.29 M/s, Max Resolution: 1920x1080
Category: 卫视频道, Name: 内蒙古卫视, Total: 12, Valid: 5, Valid Percent: 41.67%, Whitelist: 0, IPv4: 12, IPv6: 0, Min Delay: 63 ms, Max Speed: 83.46 M/s, Avg Speed: 33.96 M/s, Max Resolution: 1920x1080
Category: 卫视频道, Name: 宁夏卫视, Total: 10, Valid: 5, Valid Percent: 50.00%, Whitelist: 0, IPv4: 10, IPv6: 0, Min Delay: 57 ms, Max Speed: 91.97 M/s, Avg Speed: 55.23 M/s, Max Resolution: 1920x1080
Category: 卫视频道, Name: 青海卫视, Total: 6, Valid: 2, Valid Percent: 33.33%, Whitelist: 0, IPv4: 6, IPv6: 0, Min Delay: 321 ms, Max Speed: 13.64 M/s, Avg Speed: 13.02 M/s, Max Resolution: 1920x1080
Category: 卫视频道, Name: 山东卫视, Total: 14, Valid: 4, Valid Percent: 28.57%, Whitelist: 0, IPv4: 14, IPv6: 0, Min Delay: 396 ms, Max Speed: 10.61 M/s, Avg Speed: 9.60 M/s, Max Resolution: 1920x1080
Category: 卫视频道, Name: 山西卫视, Total: 11, Valid: 6, Valid Percent: 54.55%, Whitelist: 0, IPv4: 11, IPv6: 0, Min Delay: 61 ms, Max Speed: 88.39 M/s, Avg Speed: 33.94 M/s, Max Resolution: 1920x1080
Category: 卫视频道, Name: 陕西卫视, Total: 11, Valid: 5, Valid Percent: 45.45%, Whitelist: 0, IPv4: 11, IPv6: 0, Min Delay: 58 ms, Max Speed: 89.53 M/s, Avg Speed: 24.97 M/s, Max Resolution: 1920x1080
Category: 卫视频道, Name: 三沙卫视, Total: 8, Valid: 5, Valid Percent: 62.50%, Whitelist: 0, IPv4: 8, IPv6: 0, Min Delay: 199 ms, Max Speed: 10.45 M/s, Avg Speed: 5.48 M/s, Max Resolution: 1280x720
Category: 卫视频道, Name: 四川卫视, Total: 14, Valid: 5, Valid Percent: 35.71%, Whitelist: 0, IPv4: 14, IPv6: 0, Min Delay: 72 ms, Max Speed: 74.82 M/s, Avg Speed: 30.67 M/s, Max Resolution: 1920x1080
Category: 卫视频道, Name: 深圳卫视, Total: 14, Valid: 5, Valid Percent: 35.71%, Whitelist: 0, IPv4: 14, IPv6: 0, Min Delay: 324 ms, Max Speed: 12.37 M/s, Avg Speed: 6.53 M/s, Max Resolution: 1920x1080
Category: 卫视频道, Name: 天津卫视, Total: 10, Valid: 3, Valid Percent: 30.00%, Whitelist: 0, IPv4: 10, IPv6: 0, Min Delay: 315 ms, Max Speed: 12.80 M/s, Avg Speed: 9.10 M/s, Max Resolution: 1920x1080
Category: 卫视频道, Name: 西藏卫视, Total: 11, Valid: 4, Valid Percent: 36.36%, Whitelist: 0, IPv4: 11, IPv6: 0, Min Delay: 53 ms, Max Speed: 71.82 M/s, Avg Speed: 23.83 M/s, Max Resolution: 1920x1080
Category: 卫视频道, Name: 新疆卫视, Total: 10, Valid: 6, Valid Percent: 60.00%, Whitelist: 0, IPv4: 10, IPv6: 0, Min Delay: 85 ms, Max Speed: 64.18 M/s, Avg Speed: 15.46 M/s, Max Resolution: 1920x1080
Category: 卫视频道, Name: 云南卫视, Total: 13, Valid: 3, Valid Percent: 23.08%, Whitelist: 0, IPv4: 13, IPv6: 0, Min Delay: 358 ms, Max Speed: 10.79 M/s, Avg Speed: 10.12 M/s, Max Resolution: 1920x1080
